\BOOKMARK [1][-]{section.1}{\376\377\000I\000n\000t\000r\000o\000d\000u\000c\000c\000i\000\363\000n\000\040\000y\000\040\000c\000o\000n\000t\000e\000x\000t\000u\000a\000l\000i\000z\000a\000c\000i\000\363\000n}{}% 1
\BOOKMARK [2][-]{subsection.1.1}{\376\377\000C\000o\000n\000t\000e\000x\000t\000u\000a\000l\000i\000z\000a\000c\000i\000\363\000n}{section.1}% 2
\BOOKMARK [2][-]{subsection.1.2}{\376\377\000T\000\351\000r\000m\000i\000n\000o\000s\000\040\000c\000l\000a\000v\000e}{section.1}% 3
\BOOKMARK [2][-]{subsection.1.3}{\376\377\000P\000r\000o\000b\000l\000e\000m\000a}{section.1}% 4
\BOOKMARK [2][-]{subsection.1.4}{\376\377\000A\000c\000t\000o\000r\000e\000s\000\040\000i\000m\000p\000l\000i\000c\000a\000d\000o\000s}{section.1}% 5
\BOOKMARK [1][-]{section.2}{\376\377\000R\000e\000l\000e\000v\000a\000n\000c\000i\000a\000\040\000y\000\040\000J\000u\000s\000t\000i\000f\000i\000c\000a\000c\000i\000\363\000n}{}% 6
\BOOKMARK [2][-]{subsection.2.1}{\376\377\000C\000o\000m\000p\000a\000r\000a\000t\000i\000v\000a\000\040\000c\000o\000n\000\040\000s\000o\000l\000u\000c\000i\000o\000n\000e\000s\000\040\000e\000x\000i\000s\000t\000e\000n\000t\000e\000s}{section.2}% 7
\BOOKMARK [1][-]{section.3}{\376\377\000A\000l\000c\000a\000n\000c\000e\000\040\000d\000e\000l\000\040\000p\000r\000o\000y\000e\000c\000t\000o}{}% 8
\BOOKMARK [2][-]{subsection.3.1}{\376\377\000O\000b\000j\000e\000t\000i\000v\000o\000\040\000g\000e\000n\000e\000r\000a\000l}{section.3}% 9
\BOOKMARK [2][-]{subsection.3.2}{\376\377\000S\000u\000b\000o\000b\000j\000e\000t\000i\000v\000o\000s}{section.3}% 10
\BOOKMARK [2][-]{subsection.3.3}{\376\377\000R\000e\000q\000u\000i\000s\000i\000t\000o\000s\000\040\000f\000u\000n\000c\000i\000o\000n\000a\000l\000e\000s\000\040\000y\000\040\000n\000o\000\040\000f\000u\000n\000c\000i\000o\000n\000a\000l\000e\000s}{section.3}% 11
\BOOKMARK [2][-]{subsection.3.4}{\376\377\000O\000b\000s\000t\000\341\000c\000u\000l\000o\000s\000\040\000y\000\040\000r\000i\000e\000s\000g\000o\000s}{section.3}% 12
\BOOKMARK [1][-]{section.4}{\376\377\000M\000e\000t\000o\000d\000o\000l\000o\000g\000\355\000a\000\040\000d\000e\000\040\000t\000r\000a\000b\000a\000j\000o}{}% 13
\BOOKMARK [2][-]{subsection.4.1}{\376\377\000E\000s\000t\000r\000u\000c\000t\000u\000r\000a\000\040\000d\000e\000l\000\040\000t\000r\000a\000b\000a\000j\000o}{section.4}% 14
\BOOKMARK [2][-]{subsection.4.2}{\376\377\000H\000e\000r\000r\000a\000m\000i\000e\000n\000t\000a\000s\000\040\000d\000e\000\040\000s\000e\000g\000u\000i\000m\000i\000e\000n\000t\000o\000\040\000y\000\040\000v\000a\000l\000i\000d\000a\000c\000i\000\363\000n}{section.4}% 15
\BOOKMARK [1][-]{section.5}{\376\377\000P\000l\000a\000n\000i\000f\000i\000c\000a\000c\000i\000\363\000n\000\040\000t\000e\000m\000p\000o\000r\000a\000l}{}% 16
\BOOKMARK [2][-]{subsection.5.1}{\376\377\000R\000e\000c\000u\000r\000s\000o\000s\000\040\000d\000e\000l\000\040\000p\000r\000o\000y\000e\000c\000t\000o}{section.5}% 17
\BOOKMARK [3][-]{subsubsection.5.1.1}{\376\377\000R\000e\000c\000u\000r\000s\000o\000s\000\040\000h\000u\000m\000a\000n\000o\000s}{subsection.5.1}% 18
\BOOKMARK [3][-]{subsubsection.5.1.2}{\376\377\000R\000e\000c\000u\000r\000s\000o\000s\000\040\000m\000a\000t\000e\000r\000i\000a\000l\000e\000s}{subsection.5.1}% 19
\BOOKMARK [3][-]{subsubsection.5.1.3}{\376\377\000R\000e\000c\000u\000r\000s\000o\000s\000\040\000d\000e\000\040\000i\000n\000f\000r\000a\000e\000s\000t\000r\000u\000c\000t\000u\000r\000a}{subsection.5.1}% 20
\BOOKMARK [2][-]{subsection.5.2}{\376\377\000D\000e\000s\000c\000r\000i\000p\000c\000i\000\363\000n\000\040\000d\000e\000\040\000l\000a\000s\000\040\000t\000a\000r\000e\000a\000s}{section.5}% 21
\BOOKMARK [3][-]{subsubsection.5.2.1}{\376\377\000G\000E\000P\000\040\040\023\000\040\000G\000e\000s\000t\000i\000\363\000n\000\040\000d\000e\000l\000\040\000P\000r\000o\000y\000e\000c\000t\000o}{subsection.5.2}% 22
\BOOKMARK [3][-]{subsubsection.5.2.2}{\376\377\000D\000T\000\040\040\023\000\040\000D\000e\000s\000a\000r\000r\000o\000l\000l\000o\000\040\000T\000\351\000c\000n\000i\000c\000o}{subsection.5.2}% 23
\BOOKMARK [2][-]{subsection.5.3}{\376\377\000T\000a\000b\000l\000a\000\040\000r\000e\000s\000u\000m\000e\000n\000\040\000d\000e\000\040\000t\000a\000r\000e\000a\000s}{section.5}% 24
\BOOKMARK [2][-]{subsection.5.4}{\376\377\000G\000e\000s\000t\000i\000\363\000n\000\040\000d\000e\000l\000\040\000r\000i\000e\000s\000g\000o}{section.5}% 25
\BOOKMARK [2][-]{subsection.5.5}{\376\377\000D\000i\000a\000g\000r\000a\000m\000a\000\040\000d\000e\000\040\000G\000a\000n\000t\000t}{section.5}% 26
\BOOKMARK [1][-]{section.6}{\376\377\000G\000e\000s\000t\000i\000\363\000n\000\040\000e\000c\000o\000n\000\363\000m\000i\000c\000a}{}% 27
\BOOKMARK [2][-]{subsection.6.1}{\376\377\000C\000o\000s\000t\000e\000s\000\040\000d\000e\000\040\000P\000e\000r\000s\000o\000n\000a\000l\000\040\000p\000o\000r\000\040\000A\000c\000t\000i\000v\000i\000d\000a\000d\000\040\000\050\000C\000P\000A\000\051}{section.6}% 28
\BOOKMARK [3][-]{subsubsection.6.1.1}{\376\377\000R\000e\000c\000u\000r\000s\000o\000s\000\040\000h\000u\000m\000a\000n\000o\000s}{subsection.6.1}% 29
\BOOKMARK [2][-]{subsection.6.2}{\376\377\000C\000o\000s\000t\000e\000s\000\040\000G\000e\000n\000\351\000r\000i\000c\000o\000s\000\040\000\050\000C\000G\000\051}{section.6}% 30
\BOOKMARK [3][-]{subsubsection.6.2.1}{\376\377\000H\000a\000r\000d\000w\000a\000r\000e}{subsection.6.2}% 31
\BOOKMARK [3][-]{subsubsection.6.2.2}{\376\377\000S\000o\000f\000t\000w\000a\000r\000e}{subsection.6.2}% 32
\BOOKMARK [3][-]{subsubsection.6.2.3}{\376\377\000E\000s\000p\000a\000c\000i\000o\000\040\000d\000e\000\040\000t\000r\000a\000b\000a\000j\000o}{subsection.6.2}% 33
\BOOKMARK [3][-]{subsubsection.6.2.4}{\376\377\000E\000l\000e\000c\000t\000r\000i\000c\000i\000d\000a\000d}{subsection.6.2}% 34
\BOOKMARK [3][-]{subsubsection.6.2.5}{\376\377\000R\000e\000s\000u\000m\000e\000n\000\040\000d\000e\000\040\000c\000o\000s\000t\000e\000s\000\040\000g\000e\000n\000\351\000r\000i\000c\000o\000s}{subsection.6.2}% 35
\BOOKMARK [2][-]{subsection.6.3}{\376\377\000C\000o\000n\000t\000i\000n\000g\000e\000n\000c\000i\000a}{section.6}% 36
\BOOKMARK [2][-]{subsection.6.4}{\376\377\000C\000o\000s\000t\000e\000s\000\040\000d\000e\000\040\000I\000m\000p\000r\000e\000v\000i\000s\000t\000o\000s}{section.6}% 37
\BOOKMARK [2][-]{subsection.6.5}{\376\377\000P\000r\000e\000s\000u\000p\000u\000e\000s\000t\000o\000\040\000T\000o\000t\000a\000l}{section.6}% 38
\BOOKMARK [2][-]{subsection.6.6}{\376\377\000C\000o\000n\000t\000r\000o\000l\000\040\000d\000e\000\040\000G\000e\000s\000t\000i\000\363\000n}{section.6}% 39
\BOOKMARK [1][-]{section.7}{\376\377\000I\000n\000f\000o\000r\000m\000e\000\040\000d\000e\000\040\000S\000o\000s\000t\000e\000n\000i\000b\000i\000l\000i\000d\000a\000d}{}% 40
\BOOKMARK [2][-]{subsection.7.1}{\376\377\000A\000u\000t\000o\000e\000v\000a\000l\000u\000a\000c\000i\000\363\000n}{section.7}% 41
\BOOKMARK [3][-]{subsubsection.7.1.1}{\376\377\000D\000i\000m\000e\000n\000s\000i\000\363\000n\000\040\000E\000c\000o\000n\000\363\000m\000i\000c\000a}{subsection.7.1}% 42
\BOOKMARK [3][-]{subsubsection.7.1.2}{\376\377\000D\000i\000m\000e\000n\000s\000i\000\363\000n\000\040\000A\000m\000b\000i\000e\000n\000t\000a\000l}{subsection.7.1}% 43
\BOOKMARK [3][-]{subsubsection.7.1.3}{\376\377\000D\000i\000m\000e\000n\000s\000i\000\363\000n\000\040\000S\000o\000c\000i\000a\000l}{subsection.7.1}% 44
\BOOKMARK [1][-]{section.8}{\376\377\000A\000r\000q\000u\000i\000t\000e\000c\000t\000u\000r\000a\000\040\000d\000e\000l\000\040\000s\000i\000s\000t\000e\000m\000a}{}% 45
\BOOKMARK [2][-]{subsection.8.1}{\376\377\000D\000e\000\040\000l\000o\000s\000\040\000r\000e\000q\000u\000i\000s\000i\000t\000o\000s\000\040\000a\000\040\000l\000a\000\040\000a\000r\000q\000u\000i\000t\000e\000c\000t\000u\000r\000a}{section.8}% 46
\BOOKMARK [2][-]{subsection.8.2}{\376\377\000V\000i\000s\000i\000\363\000n\000\040\000g\000l\000o\000b\000a\000l\000\040\000d\000e\000l\000\040\000s\000i\000s\000t\000e\000m\000a}{section.8}% 47
\BOOKMARK [2][-]{subsection.8.3}{\376\377\000S\000t\000a\000c\000k\000\040\000t\000e\000c\000n\000o\000l\000\363\000g\000i\000c\000o}{section.8}% 48
\BOOKMARK [2][-]{subsection.8.4}{\376\377\000M\000o\000d\000e\000l\000o\000\040\000d\000e\000\040\000d\000o\000m\000i\000n\000i\000o}{section.8}% 49
\BOOKMARK [2][-]{subsection.8.5}{\376\377\000S\000\355\000n\000t\000e\000s\000i\000s}{section.8}% 50
\BOOKMARK [1][-]{section.9}{\376\377\000C\000a\000s\000o\000s\000\040\000d\000e\000\040\000u\000s\000o}{}% 51
\BOOKMARK [2][-]{subsection.9.1}{\376\377\000V\000i\000s\000i\000\363\000n\000\040\000g\000e\000n\000e\000r\000a\000l\000\040\000d\000e\000\040\000l\000a\000s\000\040\000f\000u\000n\000c\000i\000o\000n\000a\000l\000i\000d\000a\000d\000e\000s}{section.9}% 52
\BOOKMARK [1][-]{section.10}{\376\377\000P\000i\000p\000e\000l\000i\000n\000e\000\040\000d\000e\000\040\000e\000x\000t\000r\000a\000c\000c\000i\000\363\000n\000\040\000d\000e\000\040\000r\000e\000c\000u\000r\000s\000o\000s}{}% 53
\BOOKMARK [2][-]{subsection.10.1}{\376\377\000M\000o\000t\000i\000v\000a\000c\000i\000\363\000n\000:\000\040\000\277\000p\000o\000r\000\040\000q\000u\000\351\000\040\000n\000o\000\040\000c\000o\000d\000i\000f\000i\000c\000a\000r\000\040\000e\000l\000\040\000c\000a\000t\000\341\000l\000o\000g\000o\000\040\000a\000\040\000m\000a\000n\000o\000?}{section.10}% 54
\BOOKMARK [2][-]{subsection.10.2}{\376\377\000V\000i\000s\000i\000\363\000n\000\040\000g\000e\000n\000e\000r\000a\000l\000\040\000d\000e\000\040\000l\000a\000\040\000p\000i\000p\000e\000l\000i\000n\000e}{section.10}% 55
\BOOKMARK [2][-]{subsection.10.3}{\376\377\000P\000a\000s\000o\000\040\0001\000:\000\040\000o\000b\000t\000e\000n\000c\000i\000\363\000n\000\040\000d\000e\000l\000\040\000s\000c\000h\000e\000m\000a\000\040\000c\000r\000u\000d\000o}{section.10}% 56
\BOOKMARK [2][-]{subsection.10.4}{\376\377\000P\000a\000s\000o\000\040\0002\000:\000\040\000d\000e\000s\000c\000o\000m\000p\000o\000s\000i\000c\000i\000\363\000n\000\040\000e\000n\000\040\000s\000c\000h\000e\000m\000a\000s\000\040\000i\000n\000d\000i\000v\000i\000d\000u\000a\000l\000e\000s}{section.10}% 57
\BOOKMARK [2][-]{subsection.10.5}{\376\377\000P\000a\000s\000o\000\040\0003\000:\000\040\000g\000e\000n\000e\000r\000a\000c\000i\000\363\000n\000\040\000d\000e\000\040\000p\000l\000a\000n\000t\000i\000l\000l\000a\000s\000\040\000H\000C\000L}{section.10}% 58
\BOOKMARK [2][-]{subsection.10.6}{\376\377\000P\000a\000s\000o\000\040\0004\000:\000\040\000a\000u\000d\000i\000t\000o\000r\000\355\000a\000\040\000d\000e\000\040\000c\000o\000b\000e\000r\000t\000u\000r\000a}{section.10}% 59
\BOOKMARK [2][-]{subsection.10.7}{\376\377\000D\000e\000c\000i\000s\000i\000o\000n\000e\000s\000\040\000d\000e\000\040\000d\000i\000s\000e\000\361\000o\000\040\000r\000e\000l\000e\000v\000a\000n\000t\000e\000s}{section.10}% 60
\BOOKMARK [2][-]{subsection.10.8}{\376\377\000S\000\355\000n\000t\000e\000s\000i\000s}{section.10}% 61
\BOOKMARK [1][-]{section.11}{\376\377\000E\000l\000\040\000m\000o\000d\000e\000l\000o\000\040\000d\000e\000\040\000d\000o\000m\000i\000n\000i\000o}{}% 62
\BOOKMARK [2][-]{subsection.11.1}{\376\377\000F\000u\000n\000c\000i\000o\000n\000a\000m\000i\000e\000n\000t\000o\000\040\000d\000e\000l\000\040\000m\000o\000d\000e\000l\000o\000\040\000d\000e\000\040\000d\000o\000m\000i\000n\000i\000o}{section.11}% 63
\BOOKMARK [2][-]{subsection.11.2}{\376\377\000N\000\372\000c\000l\000e\000o\000\040\000c\000a\000n\000\363\000n\000i\000c\000o\000\040\000d\000e\000l\000\040\000d\000o\000m\000i\000n\000i\000o}{section.11}% 64
\BOOKMARK [3][-]{subsubsection.11.2.1}{\376\377\000R\000e\000l\000a\000c\000i\000\363\000n\000\040\000e\000n\000t\000r\000e\000\040\000d\000o\000m\000i\000n\000i\000o\000,\000\040\000p\000r\000e\000s\000e\000n\000t\000a\000c\000i\000\363\000n\000\040\000y\000\040\000c\000a\000p\000a\000\040\000d\000e\000\040\000a\000p\000l\000i\000c\000a\000c\000i\000\363\000n}{subsection.11.2}% 65
\BOOKMARK [3][-]{subsubsection.11.2.2}{\376\377\000R\000e\000g\000l\000a\000s\000\040\000d\000e\000\040\000c\000o\000n\000s\000i\000s\000t\000e\000n\000c\000i\000a\000\040\000e\000\040\000i\000n\000v\000a\000r\000i\000a\000n\000t\000e\000s}{subsection.11.2}% 66
\BOOKMARK [3][-]{subsubsection.11.2.3}{\376\377\000C\000i\000c\000l\000o\000\040\000d\000e\000\040\000v\000i\000d\000a\000\040\000d\000e\000\040\000l\000o\000s\000\040\000e\000l\000e\000m\000e\000n\000t\000o\000s\000\040\000d\000e\000l\000\040\000d\000o\000m\000i\000n\000i\000o}{subsection.11.2}% 67
\BOOKMARK [2][-]{subsection.11.3}{\376\377\000I\000m\000p\000l\000e\000m\000e\000n\000t\000a\000c\000i\000\363\000n\000\040\000d\000e\000l\000\040\000m\000o\000d\000e\000l\000o}{section.11}% 68
\BOOKMARK [2][-]{subsection.11.4}{\376\377\000P\000e\000r\000s\000i\000s\000t\000e\000n\000c\000i\000a\000\040\000y\000\040\000f\000o\000r\000m\000a\000t\000o\000\040\000d\000e\000\040\000p\000r\000o\000y\000e\000c\000t\000o}{section.11}% 69
\BOOKMARK [2][-]{subsection.11.5}{\376\377\000S\000\355\000n\000t\000e\000s\000i\000s}{section.11}% 70
\BOOKMARK [1][-]{section.12}{\376\377\000C\000a\000p\000a\000\040\000d\000e\000\040\000p\000r\000e\000s\000e\000n\000t\000a\000c\000i\000\363\000n}{}% 71
\BOOKMARK [2][-]{subsection.12.1}{\376\377\000E\000s\000t\000r\000u\000c\000t\000u\000r\000a\000\040\000g\000e\000n\000e\000r\000a\000l\000\040\000d\000e\000\040\000l\000a\000\040\000i\000n\000t\000e\000r\000f\000a\000z}{section.12}% 72
\BOOKMARK [2][-]{subsection.12.2}{\376\377\000C\000a\000t\000\341\000l\000o\000g\000o\000\040\000d\000e\000\040\000r\000e\000c\000u\000r\000s\000o\000s}{section.12}% 73
\BOOKMARK [2][-]{subsection.12.3}{\376\377\000I\000n\000s\000p\000e\000c\000t\000o\000r\000\040\000d\000e\000\040\000p\000r\000o\000p\000i\000e\000d\000a\000d\000e\000s}{section.12}% 74
\BOOKMARK [2][-]{subsection.12.4}{\376\377\000P\000a\000n\000e\000l\000\040\000i\000n\000f\000e\000r\000i\000o\000r\000:\000\040\000t\000e\000r\000m\000i\000n\000a\000l\000\040\000y\000\040\000l\000o\000g\000s}{section.12}% 75
\BOOKMARK [2][-]{subsection.12.5}{\376\377\000E\000d\000i\000t\000o\000r\000\040\000d\000e\000\040\000c\000\363\000d\000i\000g\000o\000\040\000H\000C\000L}{section.12}% 76
\BOOKMARK [2][-]{subsection.12.6}{\376\377\000V\000i\000s\000t\000a\000s\000\040\000D\000i\000f\000f\000\040\000y\000\040\000C\000l\000o\000u\000d}{section.12}% 77
\BOOKMARK [2][-]{subsection.12.7}{\376\377\000R\000e\000l\000a\000c\000i\000o\000n\000e\000s\000\040\000e\000n\000t\000r\000e\000\040\000r\000e\000c\000u\000r\000s\000o\000s\000:\000\040\000a\000r\000i\000s\000t\000a\000s\000\040\000y\000\040\000e\000n\000l\000a\000c\000e\000s}{section.12}% 78
\BOOKMARK [2][-]{subsection.12.8}{\376\377\000S\000\355\000n\000t\000e\000s\000i\000s}{section.12}% 79
\BOOKMARK [1][-]{section.13}{\376\377\000C\000a\000p\000a\000\040\000d\000e\000\040\000a\000p\000l\000i\000c\000a\000c\000i\000\363\000n}{}% 80
\BOOKMARK [2][-]{subsection.13.1}{\376\377\000R\000e\000s\000p\000o\000n\000s\000a\000b\000i\000l\000i\000d\000a\000d\000e\000s\000\040\000p\000r\000i\000n\000c\000i\000p\000a\000l\000e\000s}{section.13}% 81
\BOOKMARK [2][-]{subsection.13.2}{\376\377\000P\000r\000o\000c\000e\000s\000a\000m\000i\000e\000n\000t\000o\000\040\000d\000e\000\040\000c\000o\000m\000a\000n\000d\000o\000s}{section.13}% 82
\BOOKMARK [2][-]{subsection.13.3}{\376\377\000S\000i\000n\000c\000r\000o\000n\000i\000z\000a\000c\000i\000\363\000n\000\040\000b\000i\000d\000i\000r\000e\000c\000c\000i\000o\000n\000a\000l\000\040\000e\000n\000t\000r\000e\000\040\000m\000o\000d\000e\000l\000o\000\040\000y\000\040\000c\000\363\000d\000i\000g\000o}{section.13}% 83
\BOOKMARK [2][-]{subsection.13.4}{\376\377\000H\000i\000s\000t\000o\000r\000i\000a\000l\000\040\000d\000e\000\040\000o\000p\000e\000r\000a\000c\000i\000o\000n\000e\000s}{section.13}% 84
\BOOKMARK [2][-]{subsection.13.5}{\376\377\000I\000n\000t\000e\000g\000r\000a\000c\000i\000\363\000n\000\040\000c\000o\000n\000\040\000o\000p\000e\000r\000a\000c\000i\000o\000n\000e\000s\000\040\000T\000e\000r\000r\000a\000f\000o\000r\000m}{section.13}% 85
\BOOKMARK [2][-]{subsection.13.6}{\376\377\000T\000r\000a\000d\000u\000c\000c\000i\000\363\000n\000\040\000v\000i\000s\000u\000a\000l\000\040\000a\000\040\000I\000a\000C}{section.13}% 86
\BOOKMARK [1][-]{section.14}{\376\377\000C\000a\000p\000a\000\040\000d\000e\000\040\000i\000n\000f\000r\000a\000e\000s\000t\000r\000u\000c\000t\000u\000r\000a}{}% 87
\BOOKMARK [2][-]{subsection.14.1}{\376\377\000R\000o\000l\000,\000\040\000l\000\355\000m\000i\000t\000e\000s\000\040\000y\000\040\000s\000u\000p\000e\000r\000f\000i\000c\000i\000e\000\040\000d\000e\000\040\000c\000o\000m\000a\000n\000d\000o\000s}{section.14}% 88
\BOOKMARK [2][-]{subsection.14.2}{\376\377\000E\000j\000e\000c\000u\000c\000i\000\363\000n\000\040\000d\000e\000\040\000T\000e\000r\000r\000a\000f\000o\000r\000m\000\040\000p\000o\000r\000\040\000v\000i\000s\000t\000a}{section.14}% 89
\BOOKMARK [2][-]{subsection.14.3}{\376\377\000P\000r\000o\000c\000e\000s\000o\000s\000\040\000i\000n\000t\000e\000r\000a\000c\000t\000i\000v\000o\000s\000\040\000y\000\040\000c\000o\000n\000f\000i\000r\000m\000a\000c\000i\000\363\000n\000\040\000d\000e\000\040\000a\000p\000p\000l\000y\000/\000d\000e\000s\000t\000r\000o\000y}{section.14}% 90
\BOOKMARK [2][-]{subsection.14.4}{\376\377\000S\000t\000r\000e\000a\000m\000i\000n\000g\000\040\000d\000e\000\040\000s\000a\000l\000i\000d\000a\000\040\000e\000n\000\040\000t\000i\000e\000m\000p\000o\000\040\000r\000e\000a\000l}{section.14}% 91
\BOOKMARK [2][-]{subsection.14.5}{\376\377\000E\000j\000e\000m\000p\000l\000o\000:\000\040\000f\000l\000u\000j\000o\000\040\000P\000l\000a\000n\000\040\000\040\000D\000i\000f\000f\000\040\000\040\000C\000l\000o\000u\000d}{section.14}% 92
\BOOKMARK [2][-]{subsection.14.6}{\376\377\000G\000e\000s\000t\000i\000\363\000n\000\040\000d\000e\000\040\000c\000r\000e\000d\000e\000n\000c\000i\000a\000l\000e\000s\000\040\000y\000\040\000a\000i\000s\000l\000a\000m\000i\000e\000n\000t\000o}{section.14}% 93
\BOOKMARK [2][-]{subsection.14.7}{\376\377\000E\000s\000t\000a\000d\000o\000\040\000r\000e\000a\000l\000\040\000y\000\040\000d\000e\000t\000e\000c\000c\000i\000\363\000n\000\040\000d\000e\000\040\000c\000a\000m\000b\000i\000o\000s}{section.14}% 94
\BOOKMARK [2][-]{subsection.14.8}{\376\377\000T\000e\000r\000m\000i\000n\000a\000l\000\040\000e\000m\000b\000e\000b\000i\000d\000a\000\040\000y\000\040\000c\000o\000m\000a\000n\000d\000o\000s\000\040\000a\000u\000x\000i\000l\000i\000a\000r\000e\000s}{section.14}% 95
\BOOKMARK [2][-]{subsection.14.9}{\376\377\000S\000e\000g\000u\000r\000i\000d\000a\000d\000\040\000y\000\040\000p\000o\000r\000t\000a\000b\000i\000l\000i\000d\000a\000d}{section.14}% 96
\BOOKMARK [1][-]{section.15}{\376\377\000C\000o\000n\000c\000l\000u\000s\000i\000o\000n\000e\000s}{}% 97
\BOOKMARK [2][-]{subsection.15.1}{\376\377\000C\000o\000n\000c\000l\000u\000s\000i\000o\000n\000e\000s\000\040\000g\000e\000n\000e\000r\000a\000l\000e\000s\000\040\000d\000e\000l\000\040\000p\000r\000o\000y\000e\000c\000t\000o}{section.15}% 98
\BOOKMARK [2][-]{subsection.15.2}{\376\377\000E\000v\000a\000l\000u\000a\000c\000i\000\363\000n\000\040\000d\000e\000\040\000l\000a\000\040\000p\000r\000o\000p\000u\000e\000s\000t\000a}{section.15}% 99
\BOOKMARK [2][-]{subsection.15.3}{\376\377\000L\000i\000m\000i\000t\000a\000c\000i\000o\000n\000e\000s\000\040\000y\000\040\000t\000r\000a\000b\000a\000j\000o\000\040\000f\000u\000t\000u\000r\000o}{section.15}% 100
\BOOKMARK [2][-]{subsection.15.4}{\376\377\000V\000a\000l\000o\000r\000a\000c\000i\000\363\000n\000\040\000p\000e\000r\000s\000o\000n\000a\000l}{section.15}% 101
